// Jest Snapshot v1, https://goo.gl/fbAQLP

exports[`Spartacus SAP EPD Visualization integration schematics: ng-add SAP EPD Visualization feature - No compilerOptions in tsconfig eager loading should import appropriate modules 1`] = `
"import { NgModule } from '@angular/core';
import { I18nConfig, provideConfig } from "@spartacus/core";
import { EpdVisualizationModule } from "@spartacus/epd-visualization";
import { epdVisualizationTranslationChunksConfig, epdVisualizationTranslations } from "@spartacus/epd-visualization/assets";
import { EpdVisualizationConfig, EpdVisualizationRootModule } from "@spartacus/epd-visualization/root";

@NgModule({
  declarations: [],
  imports: [
    EpdVisualizationRootModule,
    EpdVisualizationModule
  ],
  providers: [provideConfig(<I18nConfig>{
    i18n: {
      resources: epdVisualizationTranslations,
      chunks: epdVisualizationTranslationChunksConfig,
    },
  }),
  provideConfig(<EpdVisualizationConfig>{
    epdVisualization: {
      ui5: {
        bootstrapUrl: "https://ui5.sap.com/1.108/resources/sap-ui-core.js"
      },

      apis: {
        baseUrl: "https://epd-acc-eu20-consumer.visualization.eu20.acc.epd.dev.sap"
      }
    }
  })
  ]
})
export class EpdVisualizationFeatureModule { }
"
`;

exports[`Spartacus SAP EPD Visualization integration schematics: ng-add SAP EPD Visualization feature eager loading should import appropriate modules 1`] = `
"import { NgModule } from '@angular/core';
import { I18nConfig, provideConfig } from "@spartacus/core";
import { EpdVisualizationModule } from "@spartacus/epd-visualization";
import { epdVisualizationTranslationChunksConfig, epdVisualizationTranslations } from "@spartacus/epd-visualization/assets";
import { EpdVisualizationConfig, EpdVisualizationRootModule } from "@spartacus/epd-visualization/root";

@NgModule({
  declarations: [],
  imports: [
    EpdVisualizationRootModule,
    EpdVisualizationModule
  ],
  providers: [provideConfig(<I18nConfig>{
    i18n: {
      resources: epdVisualizationTranslations,
      chunks: epdVisualizationTranslationChunksConfig,
    },
  }),
  provideConfig(<EpdVisualizationConfig>{
    epdVisualization: {
      ui5: {
        bootstrapUrl: "https://ui5.sap.com/1.108/resources/sap-ui-core.js"
      },

      apis: {
        baseUrl: "https://epd-acc-eu20-consumer.visualization.eu20.acc.epd.dev.sap"
      }
    }
  })
  ]
})
export class EpdVisualizationFeatureModule { }
"
`;

exports[`Spartacus SAP EPD Visualization integration schematics: ng-add SAP EPD Visualization feature general setup should add the feature using the lazy loading syntax 1`] = `
"import { NgModule } from '@angular/core';
import { CmsConfig, I18nConfig, provideConfig } from "@spartacus/core";
import { epdVisualizationTranslationChunksConfig, epdVisualizationTranslations } from "@spartacus/epd-visualization/assets";
import { EpdVisualizationConfig, EpdVisualizationRootModule, EPD_VISUALIZATION_FEATURE } from "@spartacus/epd-visualization/root";

@NgModule({
  declarations: [],
  imports: [
    EpdVisualizationRootModule
  ],
  providers: [provideConfig(<CmsConfig>{
    featureModules: {
      [EPD_VISUALIZATION_FEATURE]: {
        module: () =>
          import('@spartacus/epd-visualization').then((m) => m.EpdVisualizationModule),
      },
    }
  }),
  provideConfig(<I18nConfig>{
    i18n: {
      resources: epdVisualizationTranslations,
      chunks: epdVisualizationTranslationChunksConfig,
    },
  }),
  provideConfig(<EpdVisualizationConfig>{
    epdVisualization: {
      ui5: {
        bootstrapUrl: "https://ui5.sap.com/1.108/resources/sap-ui-core.js"
      },

      apis: {
        baseUrl: "https://epd-acc-eu20-consumer.visualization.eu20.acc.epd.dev.sap"
      }
    }
  })
  ]
})
export class EpdVisualizationFeatureModule { }
"
`;

exports[`Spartacus SAP EPD Visualization integration schematics: ng-add SAP EPD Visualization feature general setup styling should create a proper scss file 1`] = `
"@import "../../styles-config";
@import "@spartacus/epd-visualization";
"
`;

exports[`Spartacus SAP EPD Visualization integration schematics: ng-add SAP EPD Visualization feature general setup styling should update angular.json 1`] = `
"{
  "$schema": "./node_modules/@angular/cli/lib/config/schema.json",
  "version": 1,
  "newProjectRoot": "",
  "projects": {
    "schematics-test": {
      "projectType": "application",
      "schematics": {
        "@schematics/angular:component": {
          "style": "scss",
          "standalone": false
        },
        "@schematics/angular:directive": {
          "standalone": false
        },
        "@schematics/angular:pipe": {
          "standalone": false
        }
      },
      "root": "",
      "sourceRoot": "src",
      "prefix": "app",
      "architect": {
        "build": {
          "builder": "@angular-devkit/build-angular:application",
          "options": {
            "outputPath": "dist/schematics-test",
            "index": "src/index.html",
            "browser": "src/main.ts",
            "polyfills": [
              "zone.js"
            ],
            "tsConfig": "tsconfig.app.json",
            "inlineStyleLanguage": "scss",
            "assets": [
              "src/favicon.ico",
              "src/assets"
            ],
            "styles": [
              "src/styles.scss",
              "src/styles/spartacus/epd-visualization.scss"
            ],
            "scripts": [],
            "stylePreprocessorOptions": {
              "includePaths": [
                "node_modules/"
              ]
            }
          },
          "configurations": {
            "production": {
              "budgets": [
                {
                  "type": "initial",
                  "maximumWarning": "500kb",
                  "maximumError": "3.5mb"
                },
                {
                  "type": "anyComponentStyle",
                  "maximumWarning": "2kb",
                  "maximumError": "4kb"
                }
              ],
              "outputHashing": "all"
            },
            "development": {
              "optimization": false,
              "extractLicenses": false,
              "sourceMap": true
            }
          },
          "defaultConfiguration": "production"
        },
        "serve": {
          "builder": "@angular-devkit/build-angular:dev-server",
          "configurations": {
            "production": {
              "buildTarget": "schematics-test:build:production"
            },
            "development": {
              "buildTarget": "schematics-test:build:development"
            }
          },
          "defaultConfiguration": "development"
        },
        "extract-i18n": {
          "builder": "@angular-devkit/build-angular:extract-i18n",
          "options": {
            "buildTarget": "schematics-test:build"
          }
        },
        "test": {
          "builder": "@angular-devkit/build-angular:karma",
          "options": {
            "polyfills": [
              "zone.js",
              "zone.js/testing"
            ],
            "tsConfig": "tsconfig.spec.json",
            "inlineStyleLanguage": "scss",
            "assets": [
              "src/favicon.ico",
              "src/assets"
            ],
            "styles": [
              "src/styles.scss",
              "src/styles/spartacus/epd-visualization.scss"
            ],
            "scripts": [],
            "stylePreprocessorOptions": {
              "includePaths": [
                "node_modules/"
              ]
            }
          }
        }
      }
    }
  }
}"
`;
